<!html>

<header>
</header>
<body>
  <h1>First item, first file</h1>
    
  
    <p>First item</p>
      <a href="first-item/first-item-first-file.html">First item first file</a>
      <a href="first-item/first-item-second-file.html">First item second file</a>
      <a href="first-item/spiderman.gif">Spiderman.gif</a>


  

    <a href="second-item.html">Second item</a>



  <h1 id="this-is-the-title-of-my-page">This is the title of my page</h1>
<ul>
<li>This is a list of things</li>
<li>List</li>
<li>List</li>
<li>List</li>
</ul>
<p>This is a beautiful paragraph</p>

</body>