<!html>

<header>
</header>
<body>
  <h1></h1>
    
  
    <p>First item</p>
      <a href="first-item/first-item-first-file.html">First item first file</a>
      <a href="first-item/first-item-second-file.html">First item second file</a>
      <a href="first-item/spiderman.gif">Spiderman.gif</a>


  

    <a href="second-item.html">Second item</a>



  <h1 id="second-item">Second item</h1>
<p>second item here</p>

</body>